Info: *******************************************************************
Info: Running Quartus Prime Shell
    Info: Version 17.0.2 Build 602 07/19/2017 SJ Standard Edition
    Info: Copyright (C) 2017  Intel Corporation. All rights reserved.
    Info: Your use of Intel Corporation's design tools, logic functions 
    Info: and other software and tools, and its AMPP partner logic 
    Info: functions, and any output files from any of the foregoing 
    Info: (including device programming or simulation files), and any 
    Info: associated documentation or information are expressly subject 
    Info: to the terms and conditions of the Intel Program License 
    Info: Subscription Agreement, the Intel Quartus Prime License Agreement,
    Info: the Intel MegaCore Function License Agreement, or other 
    Info: applicable license agreement, including, without limitation, 
    Info: that your use is for the sole purpose of programming logic 
    Info: devices manufactured by Intel and sold by Intel or its 
    Info: authorized distributors.  Please refer to the applicable 
    Info: agreement for further details.
    Info: Processing started: Mon Sep 14 15:02:02 2026
Info: Command: quartus_sh --flow compile Arduboy
Info: Quartus(args): compile Arduboy
Info: Project Name = /tmp/h_Arduboy_MiSTer/Arduboy
Info: Revision Name = Arduboy
Info: *******************************************************************
Info: Running Quartus Prime Shell
    Info: Version 17.0.2 Build 602 07/19/2017 SJ Standard Edition
    Info: Processing started: Mon Sep 14 15:02:03 2026
Info: Command: quartus_sh -t sys/build_id.tcl compile Arduboy Arduboy
Info: Quartus(args): compile Arduboy Arduboy
Info (23030): Evaluation of Tcl script sys/build_id.tcl was successful
Info: Quartus Prime Shell was successful. 0 errors, 0 warnings
    Info: Peak virtual memory: 753 megabytes
    Info: Processing ended: Mon Sep 14 15:02:03 2026
    Info: Elapsed time: 00:00:00
    Info: Total CPU time (on all processors): 00:00:00
Info: *******************************************************************
Info: Running Quartus Prime Analysis & Synthesis
    Info: Version 17.0.2 Build 602 07/19/2017 SJ Standard Edition
    Info: Processing started: Mon Sep 14 15:02:04 2026
Info: Command: quartus_map --read_settings_files=on --write_settings_files=off Arduboy -c Arduboy
Info (20030): Parallel compilation is enabled and will use 16 of the 24 processors detected
Info (12021): Found 1 design units, including 1 entities, in source file rtl/pll.v
    Info (12023): Found entity 1: pll File: /tmp/h_Arduboy_MiSTer/rtl/pll.v Line: 8
Info (12021): Found 1 design units, including 1 entities, in source file rtl/pll/pll_0002.v
    Info (12023): Found entity 1: pll_0002 File: /tmp/h_Arduboy_MiSTer/rtl/pll/pll_0002.v Line: 2
Info (12021): Found 1 design units, including 1 entities, in source file sys/pll_hdmi.v
    Info (12023): Found entity 1: pll_hdmi File: /tmp/h_Arduboy_MiSTer/sys/pll_hdmi.v Line: 8
Info (12021): Found 1 design units, including 1 entities, in source file sys/pll_hdmi/pll_hdmi_0002.v
    Info (12023): Found entity 1: pll_hdmi_0002 File: /tmp/h_Arduboy_MiSTer/sys/pll_hdmi/pll_hdmi_0002.v Line: 2
Info (12021): Found 1 design units, including 1 entities, in source file sys/pll_audio.v
    Info (12023): Found entity 1: pll_audio File: /tmp/h_Arduboy_MiSTer/sys/pll_audio.v Line: 8
Info (12021): Found 1 design units, including 1 entities, in source file sys/pll_audio/pll_audio_0002.v
    Info (12023): Found entity 1: pll_audio_0002 File: /tmp/h_Arduboy_MiSTer/sys/pll_audio/pll_audio_0002.v Line: 2
Info (12021): Found 1 design units, including 1 entities, in source file sys/pll_cfg/pll_cfg.v
    Info (12023): Found entity 1: pll_cfg File: /tmp/h_Arduboy_MiSTer/sys/pll_cfg/pll_cfg.v Line: 8
Info (12021): Found 1 design units, including 1 entities, in source file sys/pll_cfg/pll_cfg_hdmi.v
    Info (12023): Found entity 1: pll_cfg_hdmi File: /tmp/h_Arduboy_MiSTer/sys/pll_cfg/pll_cfg_hdmi.v Line: 16
Info (12021): Found 1 design units, including 1 entities, in source file sys/pll_cfg/altera_pll_reconfig_top.v
    Info (12023): Found entity 1: altera_pll_reconfig_top File: /tmp/h_Arduboy_MiSTer/sys/pll_cfg/altera_pll_reconfig_top.v Line: 16
Info (12021): Found 3 design units, including 3 entities, in source file sys/sys_top.v
    Info (12023): Found entity 1: sys_top File: /tmp/h_Arduboy_MiSTer/sys/sys_top.v Line: 22
    Info (12023): Found entity 2: sync_fix File: /tmp/h_Arduboy_MiSTer/sys/sys_top.v Line: 1907
    Info (12023): Found entity 3: csync File: /tmp/h_Arduboy_MiSTer/sys/sys_top.v Line: 1939
Info (12021): Found 2 design units, including 1 entities, in source file sys/ascal.vhd
    Info (12022): Found design unit 1: ascal-rtl File: /tmp/h_Arduboy_MiSTer/sys/ascal.vhd Line: 269
    Info (12023): Found entity 1: ascal File: /tmp/h_Arduboy_MiSTer/sys/ascal.vhd Line: 114
Info (12021): Found 2 design units, including 1 entities, in source file sys/pll_hdmi_adj.vhd
    Info (12022): Found design unit 1: pll_hdmi_adj-rtl File: /tmp/h_Arduboy_MiSTer/sys/pll_hdmi_adj.vhd Line: 53
    Info (12023): Found entity 1: pll_hdmi_adj File: /tmp/h_Arduboy_MiSTer/sys/pll_hdmi_adj.vhd Line: 21
Info (12021): Found 3 design units, including 3 entities, in source file sys/math.sv
    Info (12023): Found entity 1: sys_udiv File: /tmp/h_Arduboy_MiSTer/sys/math.sv Line: 3
    Info (12023): Found entity 2: sys_umul File: /tmp/h_Arduboy_MiSTer/sys/math.sv Line: 46
    Info (12023): Found entity 3: sys_umuldiv File: /tmp/h_Arduboy_MiSTer/sys/math.sv Line: 85
Info (12021): Found 5 design units, including 5 entities, in source file sys/hq2x.sv
    Info (12023): Found entity 1: Hq2x File: /tmp/h_Arduboy_MiSTer/sys/hq2x.sv Line: 13
    Info (12023): Found entity 2: hq2x_in File: /tmp/h_Arduboy_MiSTer/sys/hq2x.sv Line: 226
    Info (12023): Found entity 3: hq2x_buf File: /tmp/h_Arduboy_MiSTer/sys/hq2x.sv Line: 250
    Info (12023): Found entity 4: DiffCheck File: /tmp/h_Arduboy_MiSTer/sys/hq2x.sv Line: 271
    Info (12023): Found entity 5: Blend File: /tmp/h_Arduboy_MiSTer/sys/hq2x.sv Line: 298
Info (12021): Found 1 design units, including 1 entities, in source file sys/scandoubler.v
    Info (12023): Found entity 1: scandoubler File: /tmp/h_Arduboy_MiSTer/sys/scandoubler.v Line: 22
Info (12021): Found 1 design units, including 1 entities, in source file sys/scanlines.v
    Info (12023): Found entity 1: scanlines File: /tmp/h_Arduboy_MiSTer/sys/scanlines.v Line: 1
Info (12021): Found 1 design units, including 1 entities, in source file sys/shadowmask.sv
    Info (12023): Found entity 1: shadowmask File: /tmp/h_Arduboy_MiSTer/sys/shadowmask.sv Line: 1
Info (12021): Found 2 design units, including 2 entities, in source file sys/video_cleaner.sv
    Info (12023): Found entity 1: video_cleaner File: /tmp/h_Arduboy_MiSTer/sys/video_cleaner.sv Line: 12
    Info (12023): Found entity 2: s_fix File: /tmp/h_Arduboy_MiSTer/sys/video_cleaner.sv Line: 81
Info (12021): Found 2 design units, including 2 entities, in source file sys/gamma_corr.sv
    Info (12023): Found entity 1: gamma_corr File: /tmp/h_Arduboy_MiSTer/sys/gamma_corr.sv Line: 1
    Info (12023): Found entity 2: gamma_fast File: /tmp/h_Arduboy_MiSTer/sys/gamma_corr.sv Line: 62
Info (12021): Found 1 design units, including 1 entities, in source file sys/video_mixer.sv
    Info (12023): Found entity 1: video_mixer File: /tmp/h_Arduboy_MiSTer/sys/video_mixer.sv Line: 19
Info (12021): Found 2 design units, including 2 entities, in source file sys/video_freak.sv
    Info (12023): Found entity 1: video_freak File: /tmp/h_Arduboy_MiSTer/sys/video_freak.sv Line: 16
    Info (12023): Found entity 2: video_scale_int File: /tmp/h_Arduboy_MiSTer/sys/video_freak.sv Line: 141
Info (12021): Found 2 design units, including 2 entities, in source file sys/video_freezer.sv
    Info (12023): Found entity 1: video_freezer File: /tmp/h_Arduboy_MiSTer/sys/video_freezer.sv Line: 21
    Info (12023): Found entity 2: sync_lock File: /tmp/h_Arduboy_MiSTer/sys/video_freezer.sv Line: 80
Info (12021): Found 2 design units, including 2 entities, in source file sys/arcade_video.v
    Info (12023): Found entity 1: arcade_video File: /tmp/h_Arduboy_MiSTer/sys/arcade_video.v Line: 29
    Info (12023): Found entity 2: screen_rotate File: /tmp/h_Arduboy_MiSTer/sys/arcade_video.v Line: 168
Info (12021): Found 1 design units, including 1 entities, in source file sys/osd.v
    Info (12023): Found entity 1: osd File: /tmp/h_Arduboy_MiSTer/sys/osd.v Line: 4
Info (12021): Found 1 design units, including 1 entities, in source file sys/vga_out.sv
    Info (12023): Found entity 1: vga_out File: /tmp/h_Arduboy_MiSTer/sys/vga_out.sv Line: 2
Info (12021): Found 1 design units, including 1 entities, in source file sys/yc_out.sv
    Info (12023): Found entity 1: yc_out File: /tmp/h_Arduboy_MiSTer/sys/yc_out.sv Line: 27
Info (12021): Found 1 design units, including 1 entities, in source file sys/i2c.v
    Info (12023): Found entity 1: i2c File: /tmp/h_Arduboy_MiSTer/sys/i2c.v Line: 2
Info (12021): Found 1 design units, including 1 entities, in source file sys/alsa.sv
    Info (12023): Found entity 1: alsa File: /tmp/h_Arduboy_MiSTer/sys/alsa.sv Line: 22
Info (12021): Found 1 design units, including 1 entities, in source file sys/i2s.v
    Info (12023): Found entity 1: i2s File: /tmp/h_Arduboy_MiSTer/sys/i2s.v Line: 2
Info (12021): Found 1 design units, including 1 entities, in source file sys/spdif.v
    Info (12023): Found entity 1: spdif File: /tmp/h_Arduboy_MiSTer/sys/spdif.v Line: 33
Info (12021): Found 2 design units, including 2 entities, in source file sys/audio_out.sv
    Info (12023): Found entity 1: audio_out File: /tmp/h_Arduboy_MiSTer/sys/audio_out.sv Line: 22
    Info (12023): Found entity 2: aud_mix_top File: /tmp/h_Arduboy_MiSTer/sys/audio_out.sv Line: 281
Info (12021): Found 3 design units, including 3 entities, in source file sys/iir_filter.v
    Info (12023): Found entity 1: IIR_filter File: /tmp/h_Arduboy_MiSTer/sys/iir_filter.v Line: 22
    Info (12023): Found entity 2: iir_filter_tap File: /tmp/h_Arduboy_MiSTer/sys/iir_filter.v Line: 148
    Info (12023): Found entity 3: DC_blocker File: /tmp/h_Arduboy_MiSTer/sys/iir_filter.v Line: 189
Info (12021): Found 2 design units, including 2 entities, in source file sys/ltc2308.sv
    Info (12023): Found entity 1: ltc2308 File: /tmp/h_Arduboy_MiSTer/sys/ltc2308.sv Line: 28
    Info (12023): Found entity 2: ltc2308_tape File: /tmp/h_Arduboy_MiSTer/sys/ltc2308.sv Line: 105
Info (12021): Found 1 design units, including 1 entities, in source file sys/sigma_delta_dac.v
    Info (12023): Found entity 1: sigma_delta_dac File: /tmp/h_Arduboy_MiSTer/sys/sigma_delta_dac.v Line: 6
Info (12021): Found 1 design units, including 1 entities, in source file sys/mt32pi.sv
    Info (12023): Found entity 1: mt32pi File: /tmp/h_Arduboy_MiSTer/sys/mt32pi.sv Line: 8
Info (12021): Found 1 design units, including 1 entities, in source file sys/mcp23009.sv
    Info (12023): Found entity 1: mcp23009 File: /tmp/h_Arduboy_MiSTer/sys/mcp23009.sv Line: 5
Info (12021): Found 1 design units, including 1 entities, in source file sys/f2sdram_safe_terminator.sv
    Info (12023): Found entity 1: f2sdram_safe_terminator File: /tmp/h_Arduboy_MiSTer/sys/f2sdram_safe_terminator.sv Line: 55
Info (12021): Found 1 design units, including 1 entities, in source file sys/ddr_svc.sv
    Info (12023): Found entity 1: ddr_svc File: /tmp/h_Arduboy_MiSTer/sys/ddr_svc.sv Line: 23
Info (12021): Found 2 design units, including 2 entities, in source file sys/sysmem.sv
    Info (12023): Found entity 1: sysmem_lite File: /tmp/h_Arduboy_MiSTer/sys/sysmem.sv Line: 2
    Info (12023): Found entity 2: sysmem_HPS_fpga_interfaces File: /tmp/h_Arduboy_MiSTer/sys/sysmem.sv Line: 241
Info (12021): Found 1 design units, including 1 entities, in source file sys/sd_card.sv
    Info (12023): Found entity 1: sd_card File: /tmp/h_Arduboy_MiSTer/sys/sd_card.sv Line: 28
Info (12021): Found 4 design units, including 4 entities, in source file sys/hps_io.sv
    Info (12023): Found entity 1: hps_io File: /tmp/h_Arduboy_MiSTer/sys/hps_io.sv Line: 35
    Info (12023): Found entity 2: ps2_device File: /tmp/h_Arduboy_MiSTer/sys/hps_io.sv Line: 751
    Info (12023): Found entity 3: video_calc File: /tmp/h_Arduboy_MiSTer/sys/hps_io.sv Line: 894
    Info (12023): Found entity 4: confstr_rom File: /tmp/h_Arduboy_MiSTer/sys/hps_io.sv Line: 1073
Info (12021): Found 1 design units, including 1 entities, in source file sys/joydb9md.v
    Info (12023): Found entity 1: joy_db9md File: /tmp/h_Arduboy_MiSTer/sys/joydb9md.v Line: 5
Info (12021): Found 1 design units, including 1 entities, in source file sys/joydb15.v
    Info (12023): Found entity 1: joy_db15 File: /tmp/h_Arduboy_MiSTer/sys/joydb15.v Line: 4
Info (12021): Found 1 design units, including 1 entities, in source file sys/joydb9saturn.v
    Info (12023): Found entity 1: joy_db9saturn File: /tmp/h_Arduboy_MiSTer/sys/joydb9saturn.v Line: 45
Info (12021): Found 1 design units, including 1 entities, in source file sys/joydb.sv
    Info (12023): Found entity 1: joydb File: /tmp/h_Arduboy_MiSTer/sys/joydb.sv Line: 43
Info (12021): Found 1 design units, including 1 entities, in source file sys/siphash24.v
    Info (12023): Found entity 1: siphash24 File: /tmp/h_Arduboy_MiSTer/sys/siphash24.v Line: 14
Info (12021): Found 1 design units, including 1 entities, in source file sys/db9_key_gate.sv
    Info (12023): Found entity 1: db9_key_gate File: /tmp/h_Arduboy_MiSTer/sys/db9_key_gate.sv Line: 7
Info (12021): Found 1 design units, including 1 entities, in source file sys/joydb_remap.sv
    Info (12023): Found entity 1: joydb_remap File: /tmp/h_Arduboy_MiSTer/sys/joydb_remap.sv Line: 37
Warning (12019): Can't analyze file -- file sys/joydbsnes.v is missing
Info (12021): Found 2 design units, including 2 entities, in source file rtl/avr/atmega32u4.v
    Info (12023): Found entity 1: tim_013_prescaller File: /tmp/h_Arduboy_MiSTer/rtl/avr/atmega32u4.v Line: 46
    Info (12023): Found entity 2: atmega32u4 File: /tmp/h_Arduboy_MiSTer/rtl/avr/atmega32u4.v Line: 76
Info (12021): Found 1 design units, including 1 entities, in source file rtl/avr/atmega-eep.v
    Info (12023): Found entity 1: atmega_eep File: /tmp/h_Arduboy_MiSTer/rtl/avr/atmega-eep.v Line: 23
Info (12021): Found 1 design units, including 1 entities, in source file rtl/avr/atmega-pio.v
    Info (12023): Found entity 1: atmega_pio File: /tmp/h_Arduboy_MiSTer/rtl/avr/atmega-pio.v Line: 23
Info (12021): Found 1 design units, including 1 entities, in source file rtl/avr/atmega-pll.v
    Info (12023): Found entity 1: atmega_pll File: /tmp/h_Arduboy_MiSTer/rtl/avr/atmega-pll.v Line: 23
Info (12021): Found 1 design units, including 1 entities, in source file rtl/avr/atmega-spi-m.v
    Info (12023): Found entity 1: atmega_spi_m File: /tmp/h_Arduboy_MiSTer/rtl/avr/atmega-spi-m.v Line: 36
Info (12021): Found 1 design units, including 1 entities, in source file rtl/avr/atmega-tim-8bit.v
    Info (12023): Found entity 1: atmega_tim_8bit File: /tmp/h_Arduboy_MiSTer/rtl/avr/atmega-tim-8bit.v Line: 61
Info (12021): Found 1 design units, including 1 entities, in source file rtl/avr/atmega-tim-10bit.v
    Info (12023): Found entity 1: atmega_tim_10bit File: /tmp/h_Arduboy_MiSTer/rtl/avr/atmega-tim-10bit.v Line: 78
Info (12021): Found 1 design units, including 1 entities, in source file rtl/avr/atmega-tim-16bit.v
    Info (12023): Found entity 1: atmega_tim_16bit File: /tmp/h_Arduboy_MiSTer/rtl/avr/atmega-tim-16bit.v Line: 66
Info (12021): Found 1 design units, including 1 entities, in source file rtl/avr/atmega-uart.v
    Info (12023): Found entity 1: atmega_uart File: /tmp/h_Arduboy_MiSTer/rtl/avr/atmega-uart.v Line: 54
Info (12021): Found 1 design units, including 1 entities, in source file rtl/avr/mega-reg.v
    Info (12023): Found entity 1: mega_regs File: /tmp/h_Arduboy_MiSTer/rtl/avr/mega-reg.v Line: 25
Info (12021): Found 1 design units, including 1 entities, in source file rtl/avr/mega-ram.v
    Info (12023): Found entity 1: mega_ram File: /tmp/h_Arduboy_MiSTer/rtl/avr/mega-ram.v Line: 23
Info (12021): Found 1 design units, including 1 entities, in source file rtl/avr/mega-alu.v
    Info (12023): Found entity 1: mega_alu File: /tmp/h_Arduboy_MiSTer/rtl/avr/mega-alu.v Line: 25
Info (12021): Found 3 design units, including 3 entities, in source file rtl/avr/mega-core.v
    Info (12023): Found entity 1: watchdog File: /tmp/h_Arduboy_MiSTer/rtl/avr/mega-core.v Line: 28
    Info (12023): Found entity 2: int_encoder File: /tmp/h_Arduboy_MiSTer/rtl/avr/mega-core.v Line: 107
    Info (12023): Found entity 3: mega File: /tmp/h_Arduboy_MiSTer/rtl/avr/mega-core.v Line: 151
Info (12021): Found 0 design units, including 0 entities, in source file rtl/avr/mega-def.v
Info (12021): Found 1 design units, including 1 entities, in source file rtl/avr/ring_counter.v
    Info (12023): Found entity 1: ring_counter File: /tmp/h_Arduboy_MiSTer/rtl/avr/ring_counter.v Line: 27
Info (12021): Found 1 design units, including 1 entities, in source file rtl/avr/unstable_counters.v
    Info (12023): Found entity 1: unstable_counters File: /tmp/h_Arduboy_MiSTer/rtl/avr/unstable_counters.v Line: 25
Info (12021): Found 1 design units, including 1 entities, in source file rtl/vgaHdmi.v
    Info (12023): Found entity 1: vgaHdmi File: /tmp/h_Arduboy_MiSTer/rtl/vgaHdmi.v Line: 21
Info (12021): Found 1 design units, including 1 entities, in source file rtl/arduboy_board.v
    Info (12023): Found entity 1: arduboy_board File: /tmp/h_Arduboy_MiSTer/rtl/arduboy_board.v Line: 9
Warning (10275): Verilog HDL Module Instantiation warning at Arduboy.sv(387): ignored dangling comma in List of Port Connections File: /tmp/h_Arduboy_MiSTer/Arduboy.sv Line: 387
Warning (10275): Verilog HDL Module Instantiation warning at Arduboy.sv(452): ignored dangling comma in List of Port Connections File: /tmp/h_Arduboy_MiSTer/Arduboy.sv Line: 452
Info (12021): Found 1 design units, including 1 entities, in source file Arduboy.sv
    Info (12023): Found entity 1: emu File: /tmp/h_Arduboy_MiSTer/Arduboy.sv Line: 21
Warning (10236): Verilog HDL Implicit Net warning at sys_top.v(138): created implicit net for "SD_SPI_CS" File: /tmp/h_Arduboy_MiSTer/sys/sys_top.v Line: 138
Error (10161): Verilog HDL error at Arduboy.sv(298): object "cart_download" is not declared. Verify the object name is correct. If the name is correct, declare the object. File: /tmp/h_Arduboy_MiSTer/Arduboy.sv Line: 298
Error (10161): Verilog HDL error at Arduboy.sv(403): object "cart_download" is not declared. Verify the object name is correct. If the name is correct, declare the object. File: /tmp/h_Arduboy_MiSTer/Arduboy.sv Line: 403
Error (10161): Verilog HDL error at Arduboy.sv(476): object "palette_download" is not declared. Verify the object name is correct. If the name is correct, declare the object. File: /tmp/h_Arduboy_MiSTer/Arduboy.sv Line: 476
Info (144001): Generated suppressed messages file /tmp/h_Arduboy_MiSTer/output_files/Arduboy.map.smsg
Error: Quartus Prime Analysis & Synthesis was unsuccessful. 3 errors, 4 warnings
    Error: Peak virtual memory: 1006 megabytes
    Error: Processing ended: Mon Sep 14 15:02:10 2026
    Error: Elapsed time: 00:00:06
    Error: Total CPU time (on all processors): 00:00:15
Error (293001): Quartus Prime Full Compilation was unsuccessful. 5 errors, 4 warnings
Error: Flow compile (for project /tmp/h_Arduboy_MiSTer/Arduboy) was not successful
Error: ERROR: Error(s) found while running an executable. See report file(s) for error message(s). Message log indicates which executable was run last.

Error (23031): Evaluation of Tcl script /opt/intelFPGA/17.0/quartus/common/tcl/internal/qsh_flow.tcl unsuccessful
Error: Quartus Prime Shell was unsuccessful. 12 errors, 4 warnings
    Error: Peak virtual memory: 771 megabytes
    Error: Processing ended: Mon Sep 14 15:02:10 2026
    Error: Elapsed time: 00:00:08
    Error: Total CPU time (on all processors): 00:00:16
